#
# There is insufficient memory for the Java Runtime Environment to continue.
# Native memory allocation (malloc) failed to allocate 1048576 bytes. Error detail: AllocateHeap
# Possible reasons:
#   The system is out of physical RAM or swap space
#   This process is running with CompressedOops enabled, and the Java Heap may be blocking the growth of the native heap
# Possible solutions:
#   Reduce memory load on the system
#   Increase physical memory or swap space
#   Check if swap backing store is full
#   Decrease Java heap size (-Xmx/-Xms)
#   Decrease number of Java threads
#   Decrease Java thread stack sizes (-Xss)
#   Set larger code cache with -XX:ReservedCodeCacheSize=
#   JVM is running with Unscaled Compressed Oops mode in which the Java heap is
#     placed in the first 4GB address space. The Java Heap base address is the
#     maximum limit for the native heap growth. Please use -XX:HeapBaseMinAddress
#     to set the Java Heap base and to place the Java Heap above 4GB virtual address.
# This output file may be truncated or incomplete.
#
#  Out of Memory Error (allocation.cpp:44), pid=21384, tid=30624
#
# JRE version: OpenJDK Runtime Environment Temurin-21.0.10+7 (21.0.10+7) (build 21.0.10+7-LTS)
# Java VM: OpenJDK 64-Bit Server VM Temurin-21.0.10+7 (21.0.10+7-LTS, mixed mode, sharing, tiered, compressed oops, compressed class ptrs, parallel gc, windows-amd64)
# No core dump will be written. Minidumps are not enabled by default on client versions of Windows
#

---------------  S U M M A R Y ------------

Command Line: --add-modules=ALL-SYSTEM --add-opens=java.base/java.util=ALL-UNNAMED --add-opens=java.base/java.lang=ALL-UNNAMED --add-opens=java.base/sun.nio.fs=ALL-UNNAMED -Declipse.application=org.eclipse.jdt.ls.core.id1 -Dosgi.bundles.defaultStartLevel=4 -Declipse.product=org.eclipse.jdt.ls.core.product -Djava.import.generatesMetadataFilesAtProjectRoot=false -DDetectVMInstallationsJob.disabled=true -Dfile.encoding=utf8 -XX:+UseParallelGC -XX:GCTimeRatio=4 -XX:AdaptiveSizePolicyWeight=90 -Dsun.zip.disableMemoryMapping=true -Xmx2G -Xms100m -Xlog:disable -javaagent:c:\Users\maldo\.vscode\extensions\redhat.java-1.54.0-win32-x64\lombok\lombok-1.18.39-4050.jar -XX:+HeapDumpOnOutOfMemoryError -XX:HeapDumpPath=c:\Users\maldo\AppData\Roaming\Code\User\workspaceStorage\f5010d4ec6b20febe4fefb9220953d33\redhat.java -Daether.dependencyCollector.impl=bf c:\Users\maldo\.vscode\extensions\redhat.java-1.54.0-win32-x64\server\plugins\org.eclipse.equinox.launcher_1.7.100.v20251111-0406.jar -configuration c:\Users\maldo\AppData\Roaming\Code\User\globalStorage\redhat.java\1.54.0\config_win -data c:\Users\maldo\AppData\Roaming\Code\User\workspaceStorage\f5010d4ec6b20febe4fefb9220953d33\redhat.java\jdt_ws --pipe=\\.\pipe\lsp-91ef7393634dc254cd89141385fdae89-sock

Host: AMD Ryzen 3 5300U with Radeon Graphics         , 8 cores, 5G,  Windows 11 , 64 bit Build 26100 (10.0.26100.8328)
Time: Sat Jun 13 13:44:40 2026 Hora est. Sudamérica Pacífico elapsed time: 262184.549394 seconds (3d 0h 49m 44s)

---------------  T H R E A D  ---------------

Current thread (0x000001da295b6cb0):  JavaThread "Attach Listener" daemon [_thread_in_vm, id=30624, stack(0x000000cefc400000,0x000000cefc500000) (1024K)]

Stack: [0x000000cefc400000,0x000000cefc500000]
Native frames: (J=compiled Java code, j=interpreted, Vv=VM code, C=native code)
V  [jvm.dll+0x6d7a39]
V  [jvm.dll+0x8b4b26]
V  [jvm.dll+0x8b70de]
V  [jvm.dll+0x8b77c3]
V  [jvm.dll+0x284346]
V  [jvm.dll+0xc1277]
V  [jvm.dll+0x6d82e9]
V  [jvm.dll+0x1334a6]
V  [jvm.dll+0x3f857e]
V  [jvm.dll+0x85f59d]
V  [jvm.dll+0x6d626d]
C  [ucrtbase.dll+0x37b0]
C  [KERNEL32.DLL+0x2e957]
C  [ntdll.dll+0x427c]


---------------  P R O C E S S  ---------------

Threads class SMR info:
_java_thread_list=0x000001da878fcc00, length=35, elements={
0x000001da29643540, 0x000001da295ad140, 0x000001da295b05d0, 0x000001da295b4140,
0x000001da295b6cb0, 0x000001da295b9a30, 0x000001da295be080, 0x000001da295ee820,
0x000001da82882250, 0x000001da82a7c780, 0x000001da871997c0, 0x000001da877fe580,
0x000001da877f93a0, 0x000001da877f2e60, 0x000001da8737c590, 0x000001da879bcea0,
0x000001da8783ae40, 0x000001da87dd0c80, 0x000001da87b571a0, 0x000001da87b543b0,
0x000001da87b56b10, 0x000001da890f4d90, 0x000001da890f1fa0, 0x000001da890f3350,
0x000001da890f4070, 0x000001da890f4700, 0x000001da890f5420, 0x000001da890f2630,
0x000001da890f2cc0, 0x000001da890f39e0, 0x000001da884642d0, 0x000001da88464960,
0x000001da8aad3a90, 0x000001da874ee9d0, 0x000001da88464ff0
}

Java Threads: ( => current thread )
  0x000001da29643540 JavaThread "main"                              [_thread_blocked, id=7852, stack(0x000000cefbd00000,0x000000cefbe00000) (1024K)]
  0x000001da295ad140 JavaThread "Reference Handler"          daemon [_thread_blocked, id=4248, stack(0x000000cefc100000,0x000000cefc200000) (1024K)]
  0x000001da295b05d0 JavaThread "Finalizer"                  daemon [_thread_blocked, id=6752, stack(0x000000cefc200000,0x000000cefc300000) (1024K)]
  0x000001da295b4140 JavaThread "Signal Dispatcher"          daemon [_thread_blocked, id=24088, stack(0x000000cefc300000,0x000000cefc400000) (1024K)]
=>0x000001da295b6cb0 JavaThread "Attach Listener"            daemon [_thread_in_vm, id=30624, stack(0x000000cefc400000,0x000000cefc500000) (1024K)]
  0x000001da295b9a30 JavaThread "Service Thread"             daemon [_thread_blocked, id=7344, stack(0x000000cefc500000,0x000000cefc600000) (1024K)]
  0x000001da295be080 JavaThread "Monitor Deflation Thread"   daemon [_thread_blocked, id=15808, stack(0x000000cefc600000,0x000000cefc700000) (1024K)]
  0x000001da295ee820 JavaThread "C2 CompilerThread0"         daemon [_thread_blocked, id=9184, stack(0x000000cefc700000,0x000000cefc800000) (1024K)]
  0x000001da82882250 JavaThread "C1 CompilerThread0"         daemon [_thread_blocked, id=23500, stack(0x000000cefc800000,0x000000cefc900000) (1024K)]
  0x000001da82a7c780 JavaThread "Common-Cleaner"             daemon [_thread_blocked, id=31516, stack(0x000000cefc900000,0x000000cefca00000) (1024K)]
  0x000001da871997c0 JavaThread "Notification Thread"        daemon [_thread_blocked, id=21320, stack(0x000000cefcb00000,0x000000cefcc00000) (1024K)]
  0x000001da877fe580 JavaThread "Active Thread: Equinox Container: 33f504ff-2c69-4acd-8b14-65e3ded6f312"        [_thread_blocked, id=24200, stack(0x000000cefd200000,0x000000cefd300000) (1024K)]
  0x000001da877f93a0 JavaThread "Refresh Thread: Equinox Container: 33f504ff-2c69-4acd-8b14-65e3ded6f312" daemon [_thread_blocked, id=23520, stack(0x000000cefd300000,0x000000cefd400000) (1024K)]
  0x000001da877f2e60 JavaThread "Framework Event Dispatcher: Equinox Container: 33f504ff-2c69-4acd-8b14-65e3ded6f312" daemon [_thread_blocked, id=26140, stack(0x000000cefd400000,0x000000cefd500000) (1024K)]
  0x000001da8737c590 JavaThread "Start Level: Equinox Container: 33f504ff-2c69-4acd-8b14-65e3ded6f312" daemon [_thread_blocked, id=9188, stack(0x000000cefd500000,0x000000cefd600000) (1024K)]
  0x000001da879bcea0 JavaThread "Bundle File Closer"         daemon [_thread_blocked, id=25092, stack(0x000000cefd700000,0x000000cefd800000) (1024K)]
  0x000001da8783ae40 JavaThread "SCR Component Actor"        daemon [_thread_blocked, id=24728, stack(0x000000cefd600000,0x000000cefd700000) (1024K)]
  0x000001da87dd0c80 JavaThread "Worker-JM"                         [_thread_blocked, id=26652, stack(0x000000cefd800000,0x000000cefd900000) (1024K)]
  0x000001da87b571a0 JavaThread "Java indexing"              daemon [_thread_blocked, id=20260, stack(0x000000cefdc00000,0x000000cefdd00000) (1024K)]
  0x000001da87b543b0 JavaThread "JNA Cleaner"                daemon [_thread_blocked, id=28904, stack(0x000000cefdf00000,0x000000cefe000000) (1024K)]
  0x000001da87b56b10 JavaThread "Thread-1"                   daemon [_thread_in_native, id=22712, stack(0x000000cefe400000,0x000000cefe500000) (1024K)]
  0x000001da890f4d90 JavaThread "Thread-2"                   daemon [_thread_in_native, id=26712, stack(0x000000cefe500000,0x000000cefe600000) (1024K)]
  0x000001da890f1fa0 JavaThread "Thread-3"                   daemon [_thread_in_native, id=2536, stack(0x000000cefe600000,0x000000cefe700000) (1024K)]
  0x000001da890f3350 JavaThread "Thread-4"                   daemon [_thread_in_native, id=10340, stack(0x000000cefe700000,0x000000cefe800000) (1024K)]
  0x000001da890f4070 JavaThread "Thread-5"                   daemon [_thread_in_native, id=21576, stack(0x000000cefe800000,0x000000cefe900000) (1024K)]
  0x000001da890f4700 JavaThread "Thread-6"                   daemon [_thread_in_native, id=14928, stack(0x000000cefe900000,0x000000cefea00000) (1024K)]
  0x000001da890f5420 JavaThread "Thread-7"                   daemon [_thread_in_native, id=21952, stack(0x000000cefea00000,0x000000cefeb00000) (1024K)]
  0x000001da890f2630 JavaThread "Thread-8"                   daemon [_thread_in_native, id=29144, stack(0x000000cefeb00000,0x000000cefec00000) (1024K)]
  0x000001da890f2cc0 JavaThread "Thread-9"                   daemon [_thread_in_native, id=13096, stack(0x000000cefec00000,0x000000cefed00000) (1024K)]
  0x000001da890f39e0 JavaThread "pool-2-thread-1"                   [_thread_blocked, id=8032, stack(0x000000cefed00000,0x000000cefee00000) (1024K)]
  0x000001da884642d0 JavaThread "WorkspaceEventsHandler"            [_thread_blocked, id=16028, stack(0x000000cefee00000,0x000000cefef00000) (1024K)]
  0x000001da88464960 JavaThread "pool-1-thread-1"                   [_thread_blocked, id=31344, stack(0x000000cefef00000,0x000000ceff000000) (1024K)]
  0x000001da8aad3a90 JavaThread "Cleaner-0"                  daemon [_thread_blocked, id=23292, stack(0x000000ce80900000,0x000000ce80a00000) (1024K)]
  0x000001da874ee9d0 JavaThread "Worker-16"                         [_thread_blocked, id=24940, stack(0x000000ce81200000,0x000000ce81300000) (1024K)]
  0x000001da88464ff0 JavaThread "Worker-19"                         [_thread_blocked, id=17772, stack(0x000000ce80100000,0x000000ce80200000) (1024K)]
Total: 35

Other Threads:
  0x000001da272aec10 VMThread "VM Thread"                           [id=11924, stack(0x000000cefc000000,0x000000cefc100000) (1024K)]
  0x000001da294cca00 WatcherThread "VM Periodic Task Thread"        [id=20340, stack(0x000000cefbf00000,0x000000cefc000000) (1024K)]
  0x000001da29662760 WorkerThread "GC Thread#0"                     [id=9296, stack(0x000000cefbe00000,0x000000cefbf00000) (1024K)]
  0x000001da87106440 WorkerThread "GC Thread#1"                     [id=25556, stack(0x000000cefcc00000,0x000000cefcd00000) (1024K)]
  0x000001da87101780 WorkerThread "GC Thread#2"                     [id=7404, stack(0x000000cefcd00000,0x000000cefce00000) (1024K)]
  0x000001da87101b30 WorkerThread "GC Thread#3"                     [id=4392, stack(0x000000cefce00000,0x000000cefcf00000) (1024K)]
  0x000001da87101ee0 WorkerThread "GC Thread#4"                     [id=17576, stack(0x000000cefcf00000,0x000000cefd000000) (1024K)]
  0x000001da871067f0 WorkerThread "GC Thread#5"                     [id=10588, stack(0x000000cefd000000,0x000000cefd100000) (1024K)]
  0x000001da87106ba0 WorkerThread "GC Thread#6"                     [id=30620, stack(0x000000cefd100000,0x000000cefd200000) (1024K)]
  0x000001da828c23e0 WorkerThread "GC Thread#7"                     [id=26908, stack(0x000000cefca00000,0x000000cefcb00000) (1024K)]
Total: 10

Threads with active compile tasks:
Total: 0

VM state: not at safepoint (normal execution)

VM Mutex/Monitor currently owned by a thread: None

Heap address: 0x0000000080000000, size: 2048 MB, Compressed Oops mode: 32-bit

CDS archive(s) mapped at: [0x000001da40000000-0x000001da40ba0000-0x000001da40ba0000), size 12189696, SharedBaseAddress: 0x000001da40000000, ArchiveRelocationMode: 1.
Compressed class space mapped at: 0x000001da41000000-0x000001da81000000, reserved size: 1073741824
Narrow klass base: 0x000001da40000000, Narrow klass shift: 0, Narrow klass range: 0x100000000

GC Precious Log:
 CardTable entry size: 512
 CPUs: 8 total, 8 available
 Memory: 6005M
 Large Page Support: Disabled
 NUMA Support: Disabled
 Compressed Oops: Enabled (32-bit)
 Alignments: Space 512K, Generation 512K, Heap 2M
 Heap Min Capacity: 100M
 Heap Initial Capacity: 100M
 Heap Max Capacity: 2G
 Pre-touch: Disabled
 Parallel Workers: 8

Heap:
 PSYoungGen      total 4096K, used 3549K [0x00000000d5580000, 0x00000000d5a80000, 0x0000000100000000)
  eden space 3584K, 87% used [0x00000000d5580000,0x00000000d588f6b0,0x00000000d5900000)
  from space 512K, 81% used [0x00000000d5980000,0x00000000d59e8020,0x00000000d5a00000)
  to   space 512K, 0% used [0x00000000d5900000,0x00000000d5900000,0x00000000d5980000)
 ParOldGen       total 565248K, used 564380K [0x0000000080000000, 0x00000000a2800000, 0x00000000d5580000)
  object space 565248K, 99% used [0x0000000080000000,0x00000000a27273b8,0x00000000a2800000)
 Metaspace       used 90564K, committed 92352K, reserved 1179648K
  class space    used 9060K, committed 9856K, reserved 1048576K

Card table byte_map: [0x000001da28fe0000,0x000001da293f0000] _byte_map_base: 0x000001da28be0000

Marking Bits: (ParMarkBitMap*) 0x00007fff6d693450
 Begin Bits: [0x000001da3baf0000, 0x000001da3daf0000)
 End Bits:   [0x000001da3daf0000, 0x000001da3faf0000)

Polling page: 0x000001da27190000

Metaspace:

Usage:
  Non-class:     79.59 MB used.
      Class:      8.85 MB used.
       Both:     88.44 MB used.

Virtual space:
  Non-class space:      128.00 MB reserved,      80.56 MB ( 63%) committed,  2 nodes.
      Class space:        1.00 GB reserved,       9.62 MB ( <1%) committed,  1 nodes.
             Both:        1.12 GB reserved,      90.19 MB (  8%) committed. 

Chunk freelists:
   Non-Class:  14.53 MB
       Class:  6.32 MB
        Both:  20.85 MB

MaxMetaspaceSize: unlimited
CompressedClassSpaceSize: 1.00 GB
Initial GC threshold: 21.00 MB
Current GC threshold: 149.00 MB
CDS: on
 - commit_granule_bytes: 65536.
 - commit_granule_words: 8192.
 - virtual_space_node_default_size: 8388608.
 - enlarge_chunks_in_place: 1.
 - use_allocation_guard: 0.


Internal statistics:

num_allocs_failed_limit: 9.
num_arena_births: 1690.
num_arena_deaths: 428.
num_vsnodes_births: 3.
num_vsnodes_deaths: 0.
num_space_committed: 1443.
num_space_uncommitted: 0.
num_chunks_returned_to_freelist: 513.
num_chunks_taken_from_freelist: 6169.
num_chunk_merges: 145.
num_chunk_splits: 3561.
num_chunks_enlarged: 2011.
num_inconsistent_stats: 0.

CodeHeap 'non-profiled nmethods': size=120000Kb used=18149Kb max_used=22894Kb free=101851Kb
 bounds [0x000001da34310000, 0x000001da35970000, 0x000001da3b840000]
CodeHeap 'profiled nmethods': size=120000Kb used=36654Kb max_used=53673Kb free=83345Kb
 bounds [0x000001da2c840000, 0x000001da2fcb0000, 0x000001da33d70000]
CodeHeap 'non-nmethods': size=5760Kb used=1523Kb max_used=1581Kb free=4236Kb
 bounds [0x000001da33d70000, 0x000001da33fe0000, 0x000001da34310000]
CodeCache: size=245760Kb, used=56326Kb, max_used=78148Kb, free=189432Kb
 total_blobs=16695, nmethods=15847, adapters=750, full_count=0
Compilation: enabled, stopped_count=0, restarted_count=0

Compilation events (20 events):
Event: 260427.877 Thread 0x000001da82882250 nmethod 24828 0x000001da2e0f4910 code [0x000001da2e0f5020, 0x000001da2e0f9860]
Event: 260427.877 Thread 0x000001da82882250 24825       3       org.eclipse.jdt.internal.compiler.lookup.ReductionResult::inverse (34 bytes)
Event: 260427.877 Thread 0x000001da82882250 nmethod 24825 0x000001da2cc50690 code [0x000001da2cc50820, 0x000001da2cc50998]
Event: 260428.052 Thread 0x000001da295ee820 nmethod 24812 0x000001da349b1510 code [0x000001da349b1c00, 0x000001da349b7280]
Event: 260428.053 Thread 0x000001da295ee820 24818       4       org.eclipse.jdt.internal.compiler.parser.Parser::consumeRule (7843 bytes)
Event: 260428.230 Thread 0x000001da295ee820 nmethod 24818 0x000001da35239610 code [0x000001da3523d160, 0x000001da35242dc0]
Event: 260428.231 Thread 0x000001da295ee820 24808       4       org.eclipse.jdt.internal.compiler.ast.MessageSend::resolveType (2162 bytes)
Event: 260428.312 Thread 0x000001da295ee820 nmethod 24808 0x000001da351dd890 code [0x000001da351dde60, 0x000001da351e0130]
Event: 260428.312 Thread 0x000001da295ee820 24809       4       lombok.launch.PatchFixesHider$ExtensionMethod::resolveType (23 bytes)
Event: 260428.317 Thread 0x000001da295ee820 nmethod 24809 0x000001da3459bb90 code [0x000001da3459bde0, 0x000001da3459c328]
Event: 260428.317 Thread 0x000001da295ee820 24810       4       org.eclipse.jdt.internal.compiler.ast.MessageSend::findMethodBinding (144 bytes)
Event: 260428.322 Thread 0x000001da295ee820 nmethod 24810 0x000001da3441cf10 code [0x000001da3441d120, 0x000001da3441d678]
Event: 261308.352 Thread 0x000001da295ee820 24831   !   4       java.util.concurrent.locks.AbstractQueuedSynchronizer$ConditionObject::newConditionNode (78 bytes)
Event: 261308.412 Thread 0x000001da295ee820 nmethod 24831 0x000001da34419f90 code [0x000001da3441a180, 0x000001da3441a528]
Event: 261347.473 Thread 0x000001da295ee820 24832   !   4       java.util.concurrent.locks.AbstractQueuedSynchronizer::reacquire (64 bytes)
Event: 261347.489 Thread 0x000001da295ee820 nmethod 24832 0x000001da34969890 code [0x000001da34969a40, 0x000001da34969c30]
Event: 261667.711 Thread 0x000001da295ee820 24833       4       java.util.concurrent.locks.AbstractQueuedSynchronizer::acquire (20 bytes)
Event: 261667.732 Thread 0x000001da295ee820 nmethod 24833 0x000001da3473c310 code [0x000001da3473c4a0, 0x000001da3473c598]
Event: 261963.800 Thread 0x000001da295ee820 24834       4       java.util.concurrent.locks.AbstractQueuedSynchronizer$ConditionObject::enableWait (84 bytes)
Event: 261963.856 Thread 0x000001da295ee820 nmethod 24834 0x000001da34976790 code [0x000001da34976960, 0x000001da34976c68]

GC Heap History (20 events):
Event: 260427.464 GC heap before
{Heap before GC invocations=2088 (full 6):
 PSYoungGen      total 3584K, used 3488K [0x00000000d5580000, 0x00000000d5a00000, 0x0000000100000000)
  eden space 3072K, 100% used [0x00000000d5580000,0x00000000d5880000,0x00000000d5880000)
  from space 512K, 81% used [0x00000000d5980000,0x00000000d59e8000,0x00000000d5a00000)
  to   space 512K, 0% used [0x00000000d5880000,0x00000000d5880000,0x00000000d5900000)
 ParOldGen       total 565248K, used 561507K [0x0000000080000000, 0x00000000a2800000, 0x00000000d5580000)
  object space 565248K, 99% used [0x0000000080000000,0x00000000a2458f08,0x00000000a2800000)
 Metaspace       used 90524K, committed 92288K, reserved 1179648K
  class space    used 9060K, committed 9856K, reserved 1048576K
}
Event: 260427.466 GC heap after
{Heap after GC invocations=2088 (full 6):
 PSYoungGen      total 3584K, used 352K [0x00000000d5580000, 0x00000000d5a00000, 0x0000000100000000)
  eden space 3072K, 0% used [0x00000000d5580000,0x00000000d5580000,0x00000000d5880000)
  from space 512K, 68% used [0x00000000d5880000,0x00000000d58d8000,0x00000000d5900000)
  to   space 512K, 0% used [0x00000000d5980000,0x00000000d5980000,0x00000000d5a00000)
 ParOldGen       total 565248K, used 561683K [0x0000000080000000, 0x00000000a2800000, 0x00000000d5580000)
  object space 565248K, 99% used [0x0000000080000000,0x00000000a2484f28,0x00000000a2800000)
 Metaspace       used 90524K, committed 92288K, reserved 1179648K
  class space    used 9060K, committed 9856K, reserved 1048576K
}
Event: 260427.487 GC heap before
{Heap before GC invocations=2089 (full 6):
 PSYoungGen      total 3584K, used 3424K [0x00000000d5580000, 0x00000000d5a00000, 0x0000000100000000)
  eden space 3072K, 100% used [0x00000000d5580000,0x00000000d5880000,0x00000000d5880000)
  from space 512K, 68% used [0x00000000d5880000,0x00000000d58d8000,0x00000000d5900000)
  to   space 512K, 0% used [0x00000000d5980000,0x00000000d5980000,0x00000000d5a00000)
 ParOldGen       total 565248K, used 561683K [0x0000000080000000, 0x00000000a2800000, 0x00000000d5580000)
  object space 565248K, 99% used [0x0000000080000000,0x00000000a2484f28,0x00000000a2800000)
 Metaspace       used 90524K, committed 92288K, reserved 1179648K
  class space    used 9060K, committed 9856K, reserved 1048576K
}
Event: 260427.491 GC heap after
{Heap after GC invocations=2089 (full 6):
 PSYoungGen      total 3584K, used 448K [0x00000000d5580000, 0x00000000d5a00000, 0x0000000100000000)
  eden space 3072K, 0% used [0x00000000d5580000,0x00000000d5580000,0x00000000d5880000)
  from space 512K, 87% used [0x00000000d5980000,0x00000000d59f0000,0x00000000d5a00000)
  to   space 512K, 0% used [0x00000000d5880000,0x00000000d5880000,0x00000000d5900000)
 ParOldGen       total 565248K, used 561899K [0x0000000080000000, 0x00000000a2800000, 0x00000000d5580000)
  object space 565248K, 99% used [0x0000000080000000,0x00000000a24baf48,0x00000000a2800000)
 Metaspace       used 90524K, committed 92288K, reserved 1179648K
  class space    used 9060K, committed 9856K, reserved 1048576K
}
Event: 260427.531 GC heap before
{Heap before GC invocations=2090 (full 6):
 PSYoungGen      total 3584K, used 3520K [0x00000000d5580000, 0x00000000d5a00000, 0x0000000100000000)
  eden space 3072K, 100% used [0x00000000d5580000,0x00000000d5880000,0x00000000d5880000)
  from space 512K, 87% used [0x00000000d5980000,0x00000000d59f0000,0x00000000d5a00000)
  to   space 512K, 0% used [0x00000000d5880000,0x00000000d5880000,0x00000000d5900000)
 ParOldGen       total 565248K, used 561899K [0x0000000080000000, 0x00000000a2800000, 0x00000000d5580000)
  object space 565248K, 99% used [0x0000000080000000,0x00000000a24baf48,0x00000000a2800000)
 Metaspace       used 90524K, committed 92288K, reserved 1179648K
  class space    used 9060K, committed 9856K, reserved 1048576K
}
Event: 260427.534 GC heap after
{Heap after GC invocations=2090 (full 6):
 PSYoungGen      total 3584K, used 336K [0x00000000d5580000, 0x00000000d5a00000, 0x0000000100000000)
  eden space 3072K, 0% used [0x00000000d5580000,0x00000000d5580000,0x00000000d5880000)
  from space 512K, 65% used [0x00000000d5880000,0x00000000d58d4010,0x00000000d5900000)
  to   space 512K, 0% used [0x00000000d5980000,0x00000000d5980000,0x00000000d5a00000)
 ParOldGen       total 565248K, used 561963K [0x0000000080000000, 0x00000000a2800000, 0x00000000d5580000)
  object space 565248K, 99% used [0x0000000080000000,0x00000000a24caf48,0x00000000a2800000)
 Metaspace       used 90524K, committed 92288K, reserved 1179648K
  class space    used 9060K, committed 9856K, reserved 1048576K
}
Event: 260427.701 GC heap before
{Heap before GC invocations=2091 (full 6):
 PSYoungGen      total 3584K, used 3408K [0x00000000d5580000, 0x00000000d5a00000, 0x0000000100000000)
  eden space 3072K, 100% used [0x00000000d5580000,0x00000000d5880000,0x00000000d5880000)
  from space 512K, 65% used [0x00000000d5880000,0x00000000d58d4010,0x00000000d5900000)
  to   space 512K, 0% used [0x00000000d5980000,0x00000000d5980000,0x00000000d5a00000)
 ParOldGen       total 565248K, used 561963K [0x0000000080000000, 0x00000000a2800000, 0x00000000d5580000)
  object space 565248K, 99% used [0x0000000080000000,0x00000000a24caf48,0x00000000a2800000)
 Metaspace       used 90531K, committed 92288K, reserved 1179648K
  class space    used 9060K, committed 9856K, reserved 1048576K
}
Event: 260427.703 GC heap after
{Heap after GC invocations=2091 (full 6):
 PSYoungGen      total 3584K, used 512K [0x00000000d5580000, 0x00000000d5a80000, 0x0000000100000000)
  eden space 3072K, 0% used [0x00000000d5580000,0x00000000d5580000,0x00000000d5880000)
  from space 512K, 100% used [0x00000000d5980000,0x00000000d5a00000,0x00000000d5a00000)
  to   space 1024K, 0% used [0x00000000d5880000,0x00000000d5880000,0x00000000d5980000)
 ParOldGen       total 565248K, used 562328K [0x0000000080000000, 0x00000000a2800000, 0x00000000d5580000)
  object space 565248K, 99% used [0x0000000080000000,0x00000000a2526168,0x00000000a2800000)
 Metaspace       used 90531K, committed 92288K, reserved 1179648K
  class space    used 9060K, committed 9856K, reserved 1048576K
}
Event: 260427.712 GC heap before
{Heap before GC invocations=2092 (full 6):
 PSYoungGen      total 3584K, used 3584K [0x00000000d5580000, 0x00000000d5a80000, 0x0000000100000000)
  eden space 3072K, 100% used [0x00000000d5580000,0x00000000d5880000,0x00000000d5880000)
  from space 512K, 100% used [0x00000000d5980000,0x00000000d5a00000,0x00000000d5a00000)
  to   space 1024K, 0% used [0x00000000d5880000,0x00000000d5880000,0x00000000d5980000)
 ParOldGen       total 565248K, used 562328K [0x0000000080000000, 0x00000000a2800000, 0x00000000d5580000)
  object space 565248K, 99% used [0x0000000080000000,0x00000000a2526168,0x00000000a2800000)
 Metaspace       used 90531K, committed 92288K, reserved 1179648K
  class space    used 9060K, committed 9856K, reserved 1048576K
}
Event: 260427.714 GC heap after
{Heap after GC invocations=2092 (full 6):
 PSYoungGen      total 4096K, used 832K [0x00000000d5580000, 0x00000000d5a80000, 0x0000000100000000)
  eden space 3072K, 0% used [0x00000000d5580000,0x00000000d5580000,0x00000000d5880000)
  from space 1024K, 81% used [0x00000000d5880000,0x00000000d5950000,0x00000000d5980000)
  to   space 1024K, 0% used [0x00000000d5980000,0x00000000d5980000,0x00000000d5a80000)
 ParOldGen       total 565248K, used 562791K [0x0000000080000000, 0x00000000a2800000, 0x00000000d5580000)
  object space 565248K, 99% used [0x0000000080000000,0x00000000a2599d58,0x00000000a2800000)
 Metaspace       used 90531K, committed 92288K, reserved 1179648K
  class space    used 9060K, committed 9856K, reserved 1048576K
}
Event: 260427.720 GC heap before
{Heap before GC invocations=2093 (full 6):
 PSYoungGen      total 4096K, used 3904K [0x00000000d5580000, 0x00000000d5a80000, 0x0000000100000000)
  eden space 3072K, 100% used [0x00000000d5580000,0x00000000d5880000,0x00000000d5880000)
  from space 1024K, 81% used [0x00000000d5880000,0x00000000d5950000,0x00000000d5980000)
  to   space 1024K, 0% used [0x00000000d5980000,0x00000000d5980000,0x00000000d5a80000)
 ParOldGen       total 565248K, used 562791K [0x0000000080000000, 0x00000000a2800000, 0x00000000d5580000)
  object space 565248K, 99% used [0x0000000080000000,0x00000000a2599d58,0x00000000a2800000)
 Metaspace       used 90533K, committed 92288K, reserved 1179648K
  class space    used 9060K, committed 9856K, reserved 1048576K
}
Event: 260427.723 GC heap after
{Heap after GC invocations=2093 (full 6):
 PSYoungGen      total 4096K, used 352K [0x00000000d5580000, 0x00000000d5a80000, 0x0000000100000000)
  eden space 3072K, 0% used [0x00000000d5580000,0x00000000d5580000,0x00000000d5880000)
  from space 1024K, 34% used [0x00000000d5980000,0x00000000d59d8000,0x00000000d5a80000)
  to   space 1024K, 0% used [0x00000000d5880000,0x00000000d5880000,0x00000000d5980000)
 ParOldGen       total 565248K, used 563500K [0x0000000080000000, 0x00000000a2800000, 0x00000000d5580000)
  object space 565248K, 99% used [0x0000000080000000,0x00000000a264b338,0x00000000a2800000)
 Metaspace       used 90533K, committed 92288K, reserved 1179648K
  class space    used 9060K, committed 9856K, reserved 1048576K
}
Event: 260427.731 GC heap before
{Heap before GC invocations=2094 (full 6):
 PSYoungGen      total 4096K, used 3424K [0x00000000d5580000, 0x00000000d5a80000, 0x0000000100000000)
  eden space 3072K, 100% used [0x00000000d5580000,0x00000000d5880000,0x00000000d5880000)
  from space 1024K, 34% used [0x00000000d5980000,0x00000000d59d8000,0x00000000d5a80000)
  to   space 1024K, 0% used [0x00000000d5880000,0x00000000d5880000,0x00000000d5980000)
 ParOldGen       total 565248K, used 563500K [0x0000000080000000, 0x00000000a2800000, 0x00000000d5580000)
  object space 565248K, 99% used [0x0000000080000000,0x00000000a264b338,0x00000000a2800000)
 Metaspace       used 90538K, committed 92288K, reserved 1179648K
  class space    used 9060K, committed 9856K, reserved 1048576K
}
Event: 260427.734 GC heap after
{Heap after GC invocations=2094 (full 6):
 PSYoungGen      total 4096K, used 384K [0x00000000d5580000, 0x00000000d5a00000, 0x0000000100000000)
  eden space 3072K, 0% used [0x00000000d5580000,0x00000000d5580000,0x00000000d5880000)
  from space 1024K, 37% used [0x00000000d5880000,0x00000000d58e0000,0x00000000d5980000)
  to   space 512K, 0% used [0x00000000d5980000,0x00000000d5980000,0x00000000d5a00000)
 ParOldGen       total 565248K, used 563732K [0x0000000080000000, 0x00000000a2800000, 0x00000000d5580000)
  object space 565248K, 99% used [0x0000000080000000,0x00000000a2685358,0x00000000a2800000)
 Metaspace       used 90538K, committed 92288K, reserved 1179648K
  class space    used 9060K, committed 9856K, reserved 1048576K
}
Event: 260427.739 GC heap before
{Heap before GC invocations=2095 (full 6):
 PSYoungGen      total 4096K, used 3456K [0x00000000d5580000, 0x00000000d5a00000, 0x0000000100000000)
  eden space 3072K, 100% used [0x00000000d5580000,0x00000000d5880000,0x00000000d5880000)
  from space 1024K, 37% used [0x00000000d5880000,0x00000000d58e0000,0x00000000d5980000)
  to   space 512K, 0% used [0x00000000d5980000,0x00000000d5980000,0x00000000d5a00000)
 ParOldGen       total 565248K, used 563732K [0x0000000080000000, 0x00000000a2800000, 0x00000000d5580000)
  object space 565248K, 99% used [0x0000000080000000,0x00000000a2685358,0x00000000a2800000)
 Metaspace       used 90538K, committed 92288K, reserved 1179648K
  class space    used 9060K, committed 9856K, reserved 1048576K
}
Event: 260427.740 GC heap after
{Heap after GC invocations=2095 (full 6):
 PSYoungGen      total 3584K, used 288K [0x00000000d5580000, 0x00000000d5a00000, 0x0000000100000000)
  eden space 3072K, 0% used [0x00000000d5580000,0x00000000d5580000,0x00000000d5880000)
  from space 512K, 56% used [0x00000000d5980000,0x00000000d59c8000,0x00000000d5a00000)
  to   space 512K, 0% used [0x00000000d5900000,0x00000000d5900000,0x00000000d5980000)
 ParOldGen       total 565248K, used 563948K [0x0000000080000000, 0x00000000a2800000, 0x00000000d5580000)
  object space 565248K, 99% used [0x0000000080000000,0x00000000a26bb378,0x00000000a2800000)
 Metaspace       used 90538K, committed 92288K, reserved 1179648K
  class space    used 9060K, committed 9856K, reserved 1048576K
}
Event: 260427.745 GC heap before
{Heap before GC invocations=2096 (full 6):
 PSYoungGen      total 3584K, used 3360K [0x00000000d5580000, 0x00000000d5a00000, 0x0000000100000000)
  eden space 3072K, 100% used [0x00000000d5580000,0x00000000d5880000,0x00000000d5880000)
  from space 512K, 56% used [0x00000000d5980000,0x00000000d59c8000,0x00000000d5a00000)
  to   space 512K, 0% used [0x00000000d5900000,0x00000000d5900000,0x00000000d5980000)
 ParOldGen       total 565248K, used 563948K [0x0000000080000000, 0x00000000a2800000, 0x00000000d5580000)
  object space 565248K, 99% used [0x0000000080000000,0x00000000a26bb378,0x00000000a2800000)
 Metaspace       used 90554K, committed 92352K, reserved 1179648K
  class space    used 9060K, committed 9856K, reserved 1048576K
}
Event: 260427.746 GC heap after
{Heap after GC invocations=2096 (full 6):
 PSYoungGen      total 3584K, used 464K [0x00000000d5580000, 0x00000000d5a00000, 0x0000000100000000)
  eden space 3072K, 0% used [0x00000000d5580000,0x00000000d5580000,0x00000000d5880000)
  from space 512K, 90% used [0x00000000d5900000,0x00000000d5974010,0x00000000d5980000)
  to   space 512K, 0% used [0x00000000d5980000,0x00000000d5980000,0x00000000d5a00000)
 ParOldGen       total 565248K, used 564124K [0x0000000080000000, 0x00000000a2800000, 0x00000000d5580000)
  object space 565248K, 99% used [0x0000000080000000,0x00000000a26e7398,0x00000000a2800000)
 Metaspace       used 90554K, committed 92352K, reserved 1179648K
  class space    used 9060K, committed 9856K, reserved 1048576K
}
Event: 260427.750 GC heap before
{Heap before GC invocations=2097 (full 6):
 PSYoungGen      total 3584K, used 3536K [0x00000000d5580000, 0x00000000d5a00000, 0x0000000100000000)
  eden space 3072K, 100% used [0x00000000d5580000,0x00000000d5880000,0x00000000d5880000)
  from space 512K, 90% used [0x00000000d5900000,0x00000000d5974010,0x00000000d5980000)
  to   space 512K, 0% used [0x00000000d5980000,0x00000000d5980000,0x00000000d5a00000)
 ParOldGen       total 565248K, used 564124K [0x0000000080000000, 0x00000000a2800000, 0x00000000d5580000)
  object space 565248K, 99% used [0x0000000080000000,0x00000000a26e7398,0x00000000a2800000)
 Metaspace       used 90554K, committed 92352K, reserved 1179648K
  class space    used 9060K, committed 9856K, reserved 1048576K
}
Event: 260427.752 GC heap after
{Heap after GC invocations=2097 (full 6):
 PSYoungGen      total 4096K, used 416K [0x00000000d5580000, 0x00000000d5a80000, 0x0000000100000000)
  eden space 3584K, 0% used [0x00000000d5580000,0x00000000d5580000,0x00000000d5900000)
  from space 512K, 81% used [0x00000000d5980000,0x00000000d59e8020,0x00000000d5a00000)
  to   space 512K, 0% used [0x00000000d5900000,0x00000000d5900000,0x00000000d5980000)
 ParOldGen       total 565248K, used 564380K [0x0000000080000000, 0x00000000a2800000, 0x00000000d5580000)
  object space 565248K, 99% used [0x0000000080000000,0x00000000a27273b8,0x00000000a2800000)
 Metaspace       used 90554K, committed 92352K, reserved 1179648K
  class space    used 9060K, committed 9856K, reserved 1048576K
}

Dll operation events (14 events):
Event: 0.010 Loaded shared library c:\Users\maldo\.vscode\extensions\redhat.java-1.54.0-win32-x64\jre\21.0.10-win32-x86_64\bin\java.dll
Event: 0.137 Loaded shared library c:\Users\maldo\.vscode\extensions\redhat.java-1.54.0-win32-x64\jre\21.0.10-win32-x86_64\bin\zip.dll
Event: 0.181 Loaded shared library C:\Users\maldo\.vscode\extensions\redhat.java-1.54.0-win32-x64\jre\21.0.10-win32-x86_64\bin\instrument.dll
Event: 0.315 Loaded shared library C:\Users\maldo\.vscode\extensions\redhat.java-1.54.0-win32-x64\jre\21.0.10-win32-x86_64\bin\net.dll
Event: 0.379 Loaded shared library C:\Users\maldo\.vscode\extensions\redhat.java-1.54.0-win32-x64\jre\21.0.10-win32-x86_64\bin\nio.dll
Event: 0.382 Loaded shared library C:\Users\maldo\.vscode\extensions\redhat.java-1.54.0-win32-x64\jre\21.0.10-win32-x86_64\bin\zip.dll
Event: 0.406 Loaded shared library C:\Users\maldo\.vscode\extensions\redhat.java-1.54.0-win32-x64\jre\21.0.10-win32-x86_64\bin\jimage.dll
Event: 0.534 Loaded shared library c:\Users\maldo\.vscode\extensions\redhat.java-1.54.0-win32-x64\jre\21.0.10-win32-x86_64\bin\verify.dll
Event: 9.187 Loaded shared library C:\Users\maldo\AppData\Roaming\Code\User\globalStorage\redhat.java\1.54.0\config_win\org.eclipse.equinox.launcher\org.eclipse.equinox.launcher.win32.win32.x86_64_1.3.0.v20260203-2149\eclipse_11919.dll
Event: 19.655 Loaded shared library C:\Users\maldo\.vscode\extensions\redhat.java-1.54.0-win32-x64\jre\21.0.10-win32-x86_64\bin\management.dll
Event: 19.659 Loaded shared library C:\Users\maldo\.vscode\extensions\redhat.java-1.54.0-win32-x64\jre\21.0.10-win32-x86_64\bin\management_ext.dll
Event: 23.203 Loaded shared library C:\Users\maldo\AppData\Local\Temp\jna-103660515\jna2881734685822998230.dll
Event: 23.861 Loaded shared library C:\Users\maldo\.vscode\extensions\redhat.java-1.54.0-win32-x64\jre\21.0.10-win32-x86_64\bin\sunmscapi.dll
Event: 25.178 Loaded shared library C:\Users\maldo\.vscode\extensions\redhat.java-1.54.0-win32-x64\jre\21.0.10-win32-x86_64\bin\extnet.dll

Deoptimization events (20 events):
Event: 251190.783 Thread 0x000001da884642d0 DEOPT PACKING pc=0x000001da2cd77228 sp=0x000000cefeefd6e0
Event: 251190.784 Thread 0x000001da884642d0 DEOPT UNPACKING pc=0x000001da33dc4242 sp=0x000000cefeefcb80 mode 0
Event: 251866.946 Thread 0x000001da874ee9d0 DEOPT PACKING pc=0x000001da2f50d012 sp=0x000000ce812fd500
Event: 251866.947 Thread 0x000001da874ee9d0 DEOPT UNPACKING pc=0x000001da33dc4242 sp=0x000000ce812fc9b8 mode 0
Event: 251876.390 Thread 0x000001da874ee9d0 DEOPT PACKING pc=0x000001da2ee15133 sp=0x000000ce812fd2d0
Event: 251876.391 Thread 0x000001da874ee9d0 DEOPT UNPACKING pc=0x000001da33dc4242 sp=0x000000ce812fc7b8 mode 0
Event: 260427.056 Thread 0x000001da88464ff0 DEOPT PACKING pc=0x000001da2f40a0b0 sp=0x000000ce801fe630
Event: 260427.057 Thread 0x000001da88464ff0 DEOPT UNPACKING pc=0x000001da33dc4242 sp=0x000000ce801fdb20 mode 0
Event: 260427.259 Thread 0x000001da88464ff0 Uncommon trap: trap_request=0xffffffde fr.pc=0x000001da35814a18 relative=0x0000000000001198
Event: 260427.259 Thread 0x000001da88464ff0 Uncommon trap: reason=class_check action=maybe_recompile pc=0x000001da35814a18 method=org.eclipse.jdt.internal.compiler.parser.Parser.consumeRule(I)V @ 6270 c2
Event: 260427.260 Thread 0x000001da88464ff0 DEOPT PACKING pc=0x000001da35814a18 sp=0x000000ce801fe980
Event: 260427.261 Thread 0x000001da88464ff0 DEOPT UNPACKING pc=0x000001da33dc3aa2 sp=0x000000ce801fe908 mode 2
Event: 260427.546 Thread 0x000001da88464ff0 Uncommon trap: trap_request=0xffffffcc fr.pc=0x000001da35024698 relative=0x0000000000003e18
Event: 260427.547 Thread 0x000001da88464ff0 Uncommon trap: reason=intrinsic_or_type_checked_inlining action=make_not_entrant pc=0x000001da35024698 method=org.eclipse.jdt.internal.compiler.lookup.BoundSet$ThreeSets.flattenInto([Lorg/eclipse/jdt/internal/compiler/lookup/TypeBound;I)I @ 104 c2
Event: 260427.547 Thread 0x000001da88464ff0 DEOPT PACKING pc=0x000001da35024698 sp=0x000000ce801fd8f0
Event: 260427.547 Thread 0x000001da88464ff0 DEOPT UNPACKING pc=0x000001da33dc3aa2 sp=0x000000ce801fd7a0 mode 2
Event: 260427.708 Thread 0x000001da88464ff0 Uncommon trap: trap_request=0xffffffde fr.pc=0x000001da35814a18 relative=0x0000000000001198
Event: 260427.708 Thread 0x000001da88464ff0 Uncommon trap: reason=class_check action=maybe_recompile pc=0x000001da35814a18 method=org.eclipse.jdt.internal.compiler.parser.Parser.consumeRule(I)V @ 6270 c2
Event: 260427.708 Thread 0x000001da88464ff0 DEOPT PACKING pc=0x000001da35814a18 sp=0x000000ce801fe980
Event: 260427.708 Thread 0x000001da88464ff0 DEOPT UNPACKING pc=0x000001da33dc3aa2 sp=0x000000ce801fe908 mode 2

Classes loaded (20 events):
Event: 14775.308 Loading class jdk/internal/module/IllegalAccessLogger
Event: 14775.308 Loading class jdk/internal/module/IllegalAccessLogger done
Event: 14775.537 Loading class java/nio/BufferMismatch
Event: 14775.539 Loading class java/nio/BufferMismatch done
Event: 14787.669 Loading class jdk/internal/module/IllegalAccessLogger
Event: 14787.669 Loading class jdk/internal/module/IllegalAccessLogger done
Event: 14795.111 Loading class jdk/internal/module/IllegalAccessLogger
Event: 14795.111 Loading class jdk/internal/module/IllegalAccessLogger done
Event: 14796.328 Loading class jdk/internal/module/IllegalAccessLogger
Event: 14796.328 Loading class jdk/internal/module/IllegalAccessLogger done
Event: 14917.976 Loading class jdk/internal/module/IllegalAccessLogger
Event: 14917.977 Loading class jdk/internal/module/IllegalAccessLogger done
Event: 14957.476 Loading class jdk/internal/module/IllegalAccessLogger
Event: 14957.476 Loading class jdk/internal/module/IllegalAccessLogger done
Event: 14972.160 Loading class jdk/internal/module/IllegalAccessLogger
Event: 14972.160 Loading class jdk/internal/module/IllegalAccessLogger done
Event: 14991.548 Loading class jdk/internal/module/IllegalAccessLogger
Event: 14991.548 Loading class jdk/internal/module/IllegalAccessLogger done
Event: 15011.642 Loading class jdk/internal/module/IllegalAccessLogger
Event: 15011.642 Loading class jdk/internal/module/IllegalAccessLogger done

Classes unloaded (20 events):
Event: 14791.327 Thread 0x000001da272aec10 Unloading class 0x000001da41017400 'java/lang/invoke/LambdaForm$MH+0x000001da41017400'
Event: 14791.327 Thread 0x000001da272aec10 Unloading class 0x000001da41016400 'java/lang/invoke/LambdaForm$MH+0x000001da41016400'
Event: 14791.327 Thread 0x000001da272aec10 Unloading class 0x000001da4100d800 'java/lang/invoke/LambdaForm$MH+0x000001da4100d800'
Event: 14791.327 Thread 0x000001da272aec10 Unloading class 0x000001da4100d400 'java/lang/invoke/LambdaForm$MH+0x000001da4100d400'
Event: 14791.327 Thread 0x000001da272aec10 Unloading class 0x000001da4100d000 'java/lang/invoke/LambdaForm$MH+0x000001da4100d000'
Event: 14791.327 Thread 0x000001da272aec10 Unloading class 0x000001da4100cc00 'java/lang/invoke/LambdaForm$MH+0x000001da4100cc00'
Event: 14791.327 Thread 0x000001da272aec10 Unloading class 0x000001da4100c800 'java/lang/invoke/LambdaForm$BMH+0x000001da4100c800'
Event: 14791.327 Thread 0x000001da272aec10 Unloading class 0x000001da4100c000 'java/lang/invoke/LambdaForm$DMH+0x000001da4100c000'
Event: 14791.327 Thread 0x000001da272aec10 Unloading class 0x000001da41008c00 'java/lang/invoke/LambdaForm$MH+0x000001da41008c00'
Event: 14791.327 Thread 0x000001da272aec10 Unloading class 0x000001da41008800 'java/lang/invoke/LambdaForm$MH+0x000001da41008800'
Event: 14791.328 Thread 0x000001da272aec10 Unloading class 0x000001da41008400 'java/lang/invoke/LambdaForm$MH+0x000001da41008400'
Event: 14791.329 Thread 0x000001da272aec10 Unloading class 0x000001da41007000 'java/lang/invoke/LambdaForm$MH+0x000001da41007000'
Event: 14791.329 Thread 0x000001da272aec10 Unloading class 0x000001da41006800 'java/lang/invoke/LambdaForm$MH+0x000001da41006800'
Event: 14791.329 Thread 0x000001da272aec10 Unloading class 0x000001da41006400 'java/lang/invoke/LambdaForm$MH+0x000001da41006400'
Event: 14791.329 Thread 0x000001da272aec10 Unloading class 0x000001da41006000 'java/lang/invoke/LambdaForm$MH+0x000001da41006000'
Event: 14791.329 Thread 0x000001da272aec10 Unloading class 0x000001da41005c00 'java/lang/invoke/LambdaForm$BMH+0x000001da41005c00'
Event: 14791.329 Thread 0x000001da272aec10 Unloading class 0x000001da41004800 'java/lang/invoke/LambdaForm$DMH+0x000001da41004800'
Event: 14791.329 Thread 0x000001da272aec10 Unloading class 0x000001da41002400 'java/lang/invoke/LambdaForm$MH+0x000001da41002400'
Event: 14791.329 Thread 0x000001da272aec10 Unloading class 0x000001da41002000 'java/lang/invoke/LambdaForm$MH+0x000001da41002000'
Event: 14791.329 Thread 0x000001da272aec10 Unloading class 0x000001da41001800 'java/lang/invoke/LambdaForm$MH+0x000001da41001800'

Classes redefined (0 events):
No events

Internal exceptions (20 events):
Event: 251479.292 Thread 0x000001da88464ff0 Exception <a 'sun/nio/fs/WindowsException'{0x00000000d56099f8}> (0x00000000d56099f8) 
thrown [s\src\hotspot\share\prims\jni.cpp, line 520]
Event: 251479.292 Thread 0x000001da88464ff0 Exception <a 'sun/nio/fs/WindowsException'{0x00000000d560a2c0}> (0x00000000d560a2c0) 
thrown [s\src\hotspot\share\prims\jni.cpp, line 520]
Event: 251479.294 Thread 0x000001da88464ff0 Exception <a 'sun/nio/fs/WindowsException'{0x00000000d560c8a8}> (0x00000000d560c8a8) 
thrown [s\src\hotspot\share\prims\jni.cpp, line 520]
Event: 251479.295 Thread 0x000001da88464ff0 Exception <a 'sun/nio/fs/WindowsException'{0x00000000d560d170}> (0x00000000d560d170) 
thrown [s\src\hotspot\share\prims\jni.cpp, line 520]
Event: 251479.299 Thread 0x000001da88464ff0 Exception <a 'sun/nio/fs/WindowsException'{0x00000000d560e898}> (0x00000000d560e898) 
thrown [s\src\hotspot\share\prims\jni.cpp, line 520]
Event: 251479.299 Thread 0x000001da88464ff0 Exception <a 'sun/nio/fs/WindowsException'{0x00000000d560f160}> (0x00000000d560f160) 
thrown [s\src\hotspot\share\prims\jni.cpp, line 520]
Event: 252156.010 Thread 0x000001da88464ff0 Exception <a 'sun/nio/fs/WindowsException'{0x00000000d57767c8}> (0x00000000d57767c8) 
thrown [s\src\hotspot\share\prims\jni.cpp, line 520]
Event: 252156.012 Thread 0x000001da88464ff0 Exception <a 'sun/nio/fs/WindowsException'{0x00000000d5777090}> (0x00000000d5777090) 
thrown [s\src\hotspot\share\prims\jni.cpp, line 520]
Event: 252156.019 Thread 0x000001da88464ff0 Exception <a 'sun/nio/fs/WindowsException'{0x00000000d577c4a8}> (0x00000000d577c4a8) 
thrown [s\src\hotspot\share\prims\jni.cpp, line 520]
Event: 252156.019 Thread 0x000001da88464ff0 Exception <a 'sun/nio/fs/WindowsException'{0x00000000d577cfc0}> (0x00000000d577cfc0) 
thrown [s\src\hotspot\share\prims\jni.cpp, line 520]
Event: 252156.022 Thread 0x000001da88464ff0 Exception <a 'sun/nio/fs/WindowsException'{0x00000000d577e938}> (0x00000000d577e938) 
thrown [s\src\hotspot\share\prims\jni.cpp, line 520]
Event: 252156.022 Thread 0x000001da88464ff0 Exception <a 'sun/nio/fs/WindowsException'{0x00000000d577f448}> (0x00000000d577f448) 
thrown [s\src\hotspot\share\prims\jni.cpp, line 520]
Event: 252156.023 Thread 0x000001da88464ff0 Exception <a 'sun/nio/fs/WindowsException'{0x00000000d5780b90}> (0x00000000d5780b90) 
thrown [s\src\hotspot\share\prims\jni.cpp, line 520]
Event: 252156.023 Thread 0x000001da88464ff0 Exception <a 'sun/nio/fs/WindowsException'{0x00000000d5781458}> (0x00000000d5781458) 
thrown [s\src\hotspot\share\prims\jni.cpp, line 520]
Event: 252156.025 Thread 0x000001da88464ff0 Exception <a 'sun/nio/fs/WindowsException'{0x00000000d57834b8}> (0x00000000d57834b8) 
thrown [s\src\hotspot\share\prims\jni.cpp, line 520]
Event: 252156.025 Thread 0x000001da88464ff0 Exception <a 'sun/nio/fs/WindowsException'{0x00000000d5783d80}> (0x00000000d5783d80) 
thrown [s\src\hotspot\share\prims\jni.cpp, line 520]
Event: 252156.029 Thread 0x000001da88464ff0 Exception <a 'sun/nio/fs/WindowsException'{0x00000000d57865d0}> (0x00000000d57865d0) 
thrown [s\src\hotspot\share\prims\jni.cpp, line 520]
Event: 252156.029 Thread 0x000001da88464ff0 Exception <a 'sun/nio/fs/WindowsException'{0x00000000d57870e8}> (0x00000000d57870e8) 
thrown [s\src\hotspot\share\prims\jni.cpp, line 520]
Event: 252156.034 Thread 0x000001da88464ff0 Exception <a 'sun/nio/fs/WindowsException'{0x00000000d5788840}> (0x00000000d5788840) 
thrown [s\src\hotspot\share\prims\jni.cpp, line 520]
Event: 252156.034 Thread 0x000001da88464ff0 Exception <a 'sun/nio/fs/WindowsException'{0x00000000d5789108}> (0x00000000d5789108) 
thrown [s\src\hotspot\share\prims\jni.cpp, line 520]

ZGC Phase Switch (0 events):
No events

VM Operations (20 events):
Event: 260427.701 Executing safepoint VM operation: ParallelGCFailedAllocation (Allocation Failure)
Event: 260427.703 Executing safepoint VM operation: ParallelGCFailedAllocation (Allocation Failure) done
Event: 260427.712 Executing safepoint VM operation: ParallelGCFailedAllocation (Allocation Failure)
Event: 260427.714 Executing safepoint VM operation: ParallelGCFailedAllocation (Allocation Failure) done
Event: 260427.720 Executing safepoint VM operation: ParallelGCFailedAllocation (Allocation Failure)
Event: 260427.723 Executing safepoint VM operation: ParallelGCFailedAllocation (Allocation Failure) done
Event: 260427.731 Executing safepoint VM operation: ParallelGCFailedAllocation (Allocation Failure)
Event: 260427.734 Executing safepoint VM operation: ParallelGCFailedAllocation (Allocation Failure) done
Event: 260427.739 Executing safepoint VM operation: ParallelGCFailedAllocation (Allocation Failure)
Event: 260427.740 Executing safepoint VM operation: ParallelGCFailedAllocation (Allocation Failure) done
Event: 260427.744 Executing safepoint VM operation: ParallelGCFailedAllocation (Allocation Failure)
Event: 260427.746 Executing safepoint VM operation: ParallelGCFailedAllocation (Allocation Failure) done
Event: 260427.750 Executing safepoint VM operation: ParallelGCFailedAllocation (Allocation Failure)
Event: 260427.752 Executing safepoint VM operation: ParallelGCFailedAllocation (Allocation Failure) done
Event: 260428.766 Executing safepoint VM operation: Cleanup
Event: 260428.766 Executing safepoint VM operation: Cleanup done
Event: 260471.381 Executing non-safepoint VM operation: HandshakeAllThreads (HandshakeForDeflation)
Event: 260471.381 Executing non-safepoint VM operation: HandshakeAllThreads (HandshakeForDeflation) done
Event: 260471.381 Executing non-safepoint VM operation: RendezvousGCThreads
Event: 260471.381 Executing non-safepoint VM operation: RendezvousGCThreads done

Memory protections (0 events):
No events

Nmethod flushes (20 events):
Event: 14973.161 Thread 0x000001da272aec10 flushing  nmethod 0x000001da2f8c5710
Event: 14973.161 Thread 0x000001da272aec10 flushing  nmethod 0x000001da2f8c8490
Event: 14973.161 Thread 0x000001da272aec10 flushing osr nmethod 0x000001da2f8e8690
Event: 14973.161 Thread 0x000001da272aec10 flushing  nmethod 0x000001da2f901e10
Event: 14973.161 Thread 0x000001da272aec10 flushing  nmethod 0x000001da2f902b90
Event: 14973.161 Thread 0x000001da272aec10 flushing  nmethod 0x000001da2f90bb10
Event: 14973.161 Thread 0x000001da272aec10 flushing  nmethod 0x000001da2f918c10
Event: 14973.161 Thread 0x000001da272aec10 flushing  nmethod 0x000001da2f92a010
Event: 14973.161 Thread 0x000001da272aec10 flushing  nmethod 0x000001da2f935b90
Event: 14973.161 Thread 0x000001da272aec10 flushing  nmethod 0x000001da2f936790
Event: 14973.161 Thread 0x000001da272aec10 flushing  nmethod 0x000001da2f9cf690
Event: 14973.161 Thread 0x000001da272aec10 flushing  nmethod 0x000001da2fb5b290
Event: 14973.161 Thread 0x000001da272aec10 flushing  nmethod 0x000001da2fb6b310
Event: 14973.161 Thread 0x000001da272aec10 flushing  nmethod 0x000001da2fbb6490
Event: 14973.161 Thread 0x000001da272aec10 flushing  nmethod 0x000001da2fbd5790
Event: 14973.161 Thread 0x000001da272aec10 flushing  nmethod 0x000001da2fbe1f10
Event: 14973.162 Thread 0x000001da272aec10 flushing  nmethod 0x000001da2fbf0110
Event: 14973.162 Thread 0x000001da272aec10 flushing  nmethod 0x000001da2fc21a10
Event: 14973.162 Thread 0x000001da272aec10 flushing  nmethod 0x000001da2fc22310
Event: 14973.162 Thread 0x000001da272aec10 flushing osr nmethod 0x000001da2fc80010

Events (20 events):
Event: 251479.316 Thread 0x000001da88462f20 Thread exited: 0x000001da88462f20
Event: 251479.316 Thread 0x000001da88468470 Thread exited: 0x000001da88468470
Event: 251479.316 Thread 0x000001da88467750 Thread exited: 0x000001da88467750
Event: 251479.316 Thread 0x000001da88469190 Thread exited: 0x000001da88469190
Event: 251479.316 Thread 0x000001da88467de0 Thread exited: 0x000001da88467de0
Event: 251479.316 Thread 0x000001da88465680 Thread exited: 0x000001da88465680
Event: 251479.660 Thread 0x000001da874ee9d0 Thread added: 0x000001da88465680
Event: 251539.674 Thread 0x000001da88465680 Thread exited: 0x000001da88465680
Event: 252155.972 Thread 0x000001da88464ff0 Thread added: 0x000001da88465680
Event: 252155.982 Thread 0x000001da88465680 Thread exited: 0x000001da88465680
Event: 252156.038 Thread 0x000001da88464ff0 Thread added: 0x000001da88465680
Event: 252156.042 Thread 0x000001da88465680 Thread added: 0x000001da884663a0
Event: 252156.043 Thread 0x000001da88465680 Thread added: 0x000001da88462f20
Event: 252156.045 Thread 0x000001da88462f20 Thread added: 0x000001da88467de0
Event: 252156.046 Thread 0x000001da88465680 Thread added: 0x000001da88468b00
Event: 252156.062 Thread 0x000001da88468b00 Thread exited: 0x000001da88468b00
Event: 252156.062 Thread 0x000001da88465680 Thread exited: 0x000001da88465680
Event: 252156.062 Thread 0x000001da88462f20 Thread exited: 0x000001da88462f20
Event: 252156.062 Thread 0x000001da884663a0 Thread exited: 0x000001da884663a0
Event: 252156.062 Thread 0x000001da88467de0 Thread exited: 0x000001da88467de0


Dynamic libraries:
0x00007ff746420000 - 0x00007ff74642e000 	c:\Users\maldo\.vscode\extensions\redhat.java-1.54.0-win32-x64\jre\21.0.10-win32-x86_64\bin\java.exe
0x00007ffff1560000 - 0x00007ffff17c7000 	C:\WINDOWS\SYSTEM32\ntdll.dll
0x00007ffff0a40000 - 0x00007ffff0b09000 	C:\WINDOWS\System32\KERNEL32.DLL
0x00007fffeeae0000 - 0x00007fffeeed7000 	C:\WINDOWS\System32\KERNELBASE.dll
0x00007fffef190000 - 0x00007fffef2db000 	C:\WINDOWS\System32\ucrtbase.dll
0x00007fffe3100000 - 0x00007fffe311e000 	c:\Users\maldo\.vscode\extensions\redhat.java-1.54.0-win32-x64\jre\21.0.10-win32-x86_64\bin\VCRUNTIME140.dll
0x00007fffe35a0000 - 0x00007fffe35b8000 	c:\Users\maldo\.vscode\extensions\redhat.java-1.54.0-win32-x64\jre\21.0.10-win32-x86_64\bin\jli.dll
0x00007fffefbe0000 - 0x00007fffefda6000 	C:\WINDOWS\System32\USER32.dll
0x00007fffd9fa0000 - 0x00007fffda232000 	C:\WINDOWS\WinSxS\amd64_microsoft.windows.common-controls_6595b64144ccf1df_6.0.26100.8457_none_3e0b2faee331e92d\COMCTL32.dll
0x00007fffef0d0000 - 0x00007fffef0f7000 	C:\WINDOWS\System32\win32u.dll
0x00007fffef390000 - 0x00007fffef439000 	C:\WINDOWS\System32\msvcrt.dll
0x00007fffefad0000 - 0x00007fffefafb000 	C:\WINDOWS\System32\GDI32.dll
0x00007fffeeee0000 - 0x00007fffef00c000 	C:\WINDOWS\System32\gdi32full.dll
0x00007fffeea30000 - 0x00007fffeead3000 	C:\WINDOWS\System32\msvcp_win.dll
0x00007ffff0a00000 - 0x00007ffff0a32000 	C:\WINDOWS\System32\IMM32.DLL
0x00007fffeb240000 - 0x00007fffeb24c000 	c:\Users\maldo\.vscode\extensions\redhat.java-1.54.0-win32-x64\jre\21.0.10-win32-x86_64\bin\vcruntime140_1.dll
0x00007fffce090000 - 0x00007fffce11d000 	c:\Users\maldo\.vscode\extensions\redhat.java-1.54.0-win32-x64\jre\21.0.10-win32-x86_64\bin\msvcp140.dll
0x00007fff6c9d0000 - 0x00007fff6d771000 	c:\Users\maldo\.vscode\extensions\redhat.java-1.54.0-win32-x64\jre\21.0.10-win32-x86_64\bin\server\jvm.dll
0x00007ffff1070000 - 0x00007ffff1126000 	C:\WINDOWS\System32\ADVAPI32.dll
0x00007ffff0020000 - 0x00007ffff00c7000 	C:\WINDOWS\System32\sechost.dll
0x00007ffff1370000 - 0x00007ffff1488000 	C:\WINDOWS\System32\RPCRT4.dll
0x00007ffff0c50000 - 0x00007ffff0cd0000 	C:\WINDOWS\System32\WS2_32.dll
0x00007fffeddf0000 - 0x00007fffede4e000 	C:\WINDOWS\SYSTEM32\POWRPROF.dll
0x00007fffe6460000 - 0x00007fffe6496000 	C:\WINDOWS\SYSTEM32\WINMM.dll
0x00007fffe6da0000 - 0x00007fffe6dab000 	C:\WINDOWS\SYSTEM32\VERSION.dll
0x00007fffeddd0000 - 0x00007fffedde4000 	C:\WINDOWS\SYSTEM32\UMPDC.dll
0x00007fffecc80000 - 0x00007fffecc9b000 	C:\WINDOWS\SYSTEM32\kernel.appcore.dll
0x00007fffe93e0000 - 0x00007fffe93ea000 	c:\Users\maldo\.vscode\extensions\redhat.java-1.54.0-win32-x64\jre\21.0.10-win32-x86_64\bin\jimage.dll
0x00007fffec150000 - 0x00007fffec392000 	C:\WINDOWS\SYSTEM32\DBGHELP.DLL
0x00007ffff0ce0000 - 0x00007ffff1063000 	C:\WINDOWS\System32\combase.dll
0x00007fffefb00000 - 0x00007fffefbd9000 	C:\WINDOWS\System32\OLEAUT32.dll
0x00007fffd9f60000 - 0x00007fffd9f9b000 	C:\WINDOWS\SYSTEM32\dbgcore.DLL
0x00007fffee980000 - 0x00007fffeea28000 	C:\WINDOWS\System32\bcryptPrimitives.dll
0x00007fffe9270000 - 0x00007fffe927f000 	c:\Users\maldo\.vscode\extensions\redhat.java-1.54.0-win32-x64\jre\21.0.10-win32-x86_64\bin\instrument.dll
0x00007fffe2fe0000 - 0x00007fffe3000000 	c:\Users\maldo\.vscode\extensions\redhat.java-1.54.0-win32-x64\jre\21.0.10-win32-x86_64\bin\java.dll
0x00007ffff0280000 - 0x00007ffff09ee000 	C:\WINDOWS\System32\SHELL32.dll
0x00007fffedf90000 - 0x00007fffee7fc000 	C:\WINDOWS\System32\windows.storage.dll
0x00007fffef9d0000 - 0x00007fffefac6000 	C:\WINDOWS\System32\SHCORE.dll
0x00007ffff1300000 - 0x00007ffff1366000 	C:\WINDOWS\System32\shlwapi.dll
0x00007fffedeb0000 - 0x00007fffeded9000 	C:\WINDOWS\SYSTEM32\profapi.dll
0x00007fffded20000 - 0x00007fffded38000 	c:\Users\maldo\.vscode\extensions\redhat.java-1.54.0-win32-x64\jre\21.0.10-win32-x86_64\bin\zip.dll
0x00007fffddca0000 - 0x00007fffddcb0000 	C:\Users\maldo\.vscode\extensions\redhat.java-1.54.0-win32-x64\jre\21.0.10-win32-x86_64\bin\net.dll
0x00007fffe23b0000 - 0x00007fffe24d9000 	C:\WINDOWS\SYSTEM32\WINHTTP.dll
0x00007fffed290000 - 0x00007fffed2fc000 	C:\WINDOWS\system32\mswsock.dll
0x00007fffddc50000 - 0x00007fffddc66000 	C:\Users\maldo\.vscode\extensions\redhat.java-1.54.0-win32-x64\jre\21.0.10-win32-x86_64\bin\nio.dll
0x00007fffddc90000 - 0x00007fffddca0000 	c:\Users\maldo\.vscode\extensions\redhat.java-1.54.0-win32-x64\jre\21.0.10-win32-x86_64\bin\verify.dll
0x00007fffb7390000 - 0x00007fffb73d5000 	C:\Users\maldo\AppData\Roaming\Code\User\globalStorage\redhat.java\1.54.0\config_win\org.eclipse.equinox.launcher\org.eclipse.equinox.launcher.win32.win32.x86_64_1.3.0.v20260203-2149\eclipse_11919.dll
0x00007ffff1160000 - 0x00007ffff12f7000 	C:\WINDOWS\System32\ole32.dll
0x00007fffdcf30000 - 0x00007fffdcf3a000 	C:\Users\maldo\.vscode\extensions\redhat.java-1.54.0-win32-x64\jre\21.0.10-win32-x86_64\bin\management.dll
0x00007fffc94b0000 - 0x00007fffc94bc000 	C:\Users\maldo\.vscode\extensions\redhat.java-1.54.0-win32-x64\jre\21.0.10-win32-x86_64\bin\management_ext.dll
0x00007ffff1510000 - 0x00007ffff1518000 	C:\WINDOWS\System32\PSAPI.DLL
0x00007fffed570000 - 0x00007fffed58b000 	C:\WINDOWS\SYSTEM32\CRYPTSP.dll
0x00007fffecca0000 - 0x00007fffeccd9000 	C:\WINDOWS\system32\rsaenh.dll
0x00007fffed340000 - 0x00007fffed373000 	C:\WINDOWS\SYSTEM32\USERENV.dll
0x00007fffede80000 - 0x00007fffedeaa000 	C:\WINDOWS\SYSTEM32\bcrypt.dll
0x00007fffed590000 - 0x00007fffed59c000 	C:\WINDOWS\SYSTEM32\CRYPTBASE.dll
0x00007fffec710000 - 0x00007fffec742000 	C:\WINDOWS\SYSTEM32\IPHLPAPI.DLL
0x00007ffff1150000 - 0x00007ffff115a000 	C:\WINDOWS\System32\NSI.dll
0x00007fffb4360000 - 0x00007fffb43a9000 	C:\Users\maldo\AppData\Local\Temp\jna-103660515\jna2881734685822998230.dll
0x00007fffe2250000 - 0x00007fffe226d000 	C:\WINDOWS\SYSTEM32\dhcpcsvc6.DLL
0x00007fffe2360000 - 0x00007fffe2385000 	C:\WINDOWS\SYSTEM32\dhcpcsvc.DLL
0x00007fffc94a0000 - 0x00007fffc94ae000 	C:\Users\maldo\.vscode\extensions\redhat.java-1.54.0-win32-x64\jre\21.0.10-win32-x86_64\bin\sunmscapi.dll
0x00007fffee800000 - 0x00007fffee978000 	C:\WINDOWS\System32\CRYPT32.dll
0x00007fffed790000 - 0x00007fffed7c0000 	C:\WINDOWS\SYSTEM32\ncrypt.dll
0x00007fffed740000 - 0x00007fffed77f000 	C:\WINDOWS\SYSTEM32\NTASN1.dll
0x00007fffec7a0000 - 0x00007fffec8d2000 	C:\WINDOWS\SYSTEM32\DNSAPI.dll
0x00007fffe6d90000 - 0x00007fffe6d9b000 	C:\Windows\System32\rasadhlp.dll
0x00007fffe1850000 - 0x00007fffe18d6000 	C:\WINDOWS\System32\fwpuclnt.dll
0x00007fffc87d0000 - 0x00007fffc87d9000 	C:\Users\maldo\.vscode\extensions\redhat.java-1.54.0-win32-x64\jre\21.0.10-win32-x86_64\bin\extnet.dll

JVMTI agents:
c:\Users\maldo\.vscode\extensions\redhat.java-1.54.0-win32-x64\lombok\lombok-1.18.39-4050.jar path:c:\Users\maldo\.vscode\extensions\redhat.java-1.54.0-win32-x64\jre\21.0.10-win32-x86_64\bin\instrument.dll, loaded, initialized, instrumentlib options:none

dbghelp: loaded successfully - version: 4.0.5 - missing functions: none
symbol engine: initialized successfully - sym options: 0x614 - pdb path: .;c:\Users\maldo\.vscode\extensions\redhat.java-1.54.0-win32-x64\jre\21.0.10-win32-x86_64\bin;C:\WINDOWS\SYSTEM32;C:\WINDOWS\WinSxS\amd64_microsoft.windows.common-controls_6595b64144ccf1df_6.0.26100.8457_none_3e0b2faee331e92d;c:\Users\maldo\.vscode\extensions\redhat.java-1.54.0-win32-x64\jre\21.0.10-win32-x86_64\bin\server;C:\Users\maldo\AppData\Roaming\Code\User\globalStorage\redhat.java\1.54.0\config_win\org.eclipse.equinox.launcher\org.eclipse.equinox.launcher.win32.win32.x86_64_1.3.0.v20260203-2149;C:\Users\maldo\AppData\Local\Temp\jna-103660515

VM Arguments:
jvm_args: --add-modules=ALL-SYSTEM --add-opens=java.base/java.util=ALL-UNNAMED --add-opens=java.base/java.lang=ALL-UNNAMED --add-opens=java.base/sun.nio.fs=ALL-UNNAMED -Declipse.application=org.eclipse.jdt.ls.core.id1 -Dosgi.bundles.defaultStartLevel=4 -Declipse.product=org.eclipse.jdt.ls.core.product -Djava.import.generatesMetadataFilesAtProjectRoot=false -DDetectVMInstallationsJob.disabled=true -Dfile.encoding=utf8 -XX:+UseParallelGC -XX:GCTimeRatio=4 -XX:AdaptiveSizePolicyWeight=90 -Dsun.zip.disableMemoryMapping=true -Xmx2G -Xms100m -Xlog:disable -javaagent:c:\Users\maldo\.vscode\extensions\redhat.java-1.54.0-win32-x64\lombok\lombok-1.18.39-4050.jar -XX:+HeapDumpOnOutOfMemoryError -XX:HeapDumpPath=c:\Users\maldo\AppData\Roaming\Code\User\workspaceStorage\f5010d4ec6b20febe4fefb9220953d33\redhat.java -Daether.dependencyCollector.impl=bf 
java_command: c:\Users\maldo\.vscode\extensions\redhat.java-1.54.0-win32-x64\server\plugins\org.eclipse.equinox.launcher_1.7.100.v20251111-0406.jar -configuration c:\Users\maldo\AppData\Roaming\Code\User\globalStorage\redhat.java\1.54.0\config_win -data c:\Users\maldo\AppData\Roaming\Code\User\workspaceStorage\f5010d4ec6b20febe4fefb9220953d33\redhat.java\jdt_ws --pipe=\\.\pipe\lsp-91ef7393634dc254cd89141385fdae89-sock
java_class_path (initial): c:\Users\maldo\.vscode\extensions\redhat.java-1.54.0-win32-x64\server\plugins\org.eclipse.equinox.launcher_1.7.100.v20251111-0406.jar
Launcher Type: SUN_STANDARD

[Global flags]
    uintx AdaptiveSizePolicyWeight                 = 90                                        {product} {command line}
     intx CICompilerCount                          = 4                                         {product} {ergonomic}
    uintx GCTimeRatio                              = 4                                         {product} {command line}
     bool HeapDumpOnOutOfMemoryError               = true                                   {manageable} {command line}
    ccstr HeapDumpPath                             = c:\Users\maldo\AppData\Roaming\Code\User\workspaceStorage\f5010d4ec6b20febe4fefb9220953d33\redhat.java         {manageable} {command line}
   size_t InitialHeapSize                          = 104857600                                 {product} {command line}
   size_t MaxHeapSize                              = 2147483648                                {product} {command line}
   size_t MaxNewSize                               = 715653120                                 {product} {ergonomic}
   size_t MinHeapDeltaBytes                        = 524288                                    {product} {ergonomic}
   size_t MinHeapSize                              = 104857600                                 {product} {command line}
   size_t NewSize                                  = 34603008                                  {product} {ergonomic}
    uintx NonNMethodCodeHeapSize                   = 5839372                                {pd product} {ergonomic}
    uintx NonProfiledCodeHeapSize                  = 122909434                              {pd product} {ergonomic}
   size_t OldSize                                  = 70254592                                  {product} {ergonomic}
    uintx ProfiledCodeHeapSize                     = 122909434                              {pd product} {ergonomic}
    uintx ReservedCodeCacheSize                    = 251658240                              {pd product} {ergonomic}
     bool SegmentedCodeCache                       = true                                      {product} {ergonomic}
   size_t SoftMaxHeapSize                          = 2147483648                             {manageable} {ergonomic}
     bool UseCompressedOops                        = true                           {product lp64_product} {ergonomic}
     bool UseLargePagesIndividualAllocation        = false                                  {pd product} {ergonomic}
     bool UseParallelGC                            = true                                      {product} {command line}

Logging:
Log output configuration:
 #0: stdout all=off uptime,level,tags foldmultilines=false
 #1: stderr all=off uptime,level,tags foldmultilines=false

Release file:
JAVA_VERSION="21.0.10" 
MODULES="java.base java.compiler java.datatransfer java.xml java.prefs java.desktop java.instrument java.logging java.management java.security.sasl java.naming java.rmi java.management.rmi java.net.http java.scripting java.security.jgss java.transaction.xa java.sql java.sql.rowset java.xml.crypto java.se java.smartcardio jdk.accessibility jdk.internal.jvmstat jdk.attach jdk.charsets jdk.internal.opt jdk.zipfs jdk.compiler jdk.crypto.ec jdk.crypto.cryptoki jdk.crypto.mscapi jdk.dynalink jdk.internal.ed jdk.editpad jdk.hotspot.agent jdk.httpserver jdk.internal.le jdk.internal.vm.ci jdk.internal.vm.compiler jdk.internal.vm.compiler.management jdk.jartool jdk.javadoc jdk.jcmd jdk.management jdk.management.agent jdk.jconsole jdk.jdeps jdk.jdwp.agent jdk.jdi jdk.jfr jdk.jshell jdk.jsobject jdk.jstatd jdk.localedata jdk.management.jfr jdk.naming.dns jdk.naming.rmi jdk.net jdk.nio.mapmode jdk.random jdk.sctp jdk.security.auth jdk.security.jgss jdk.unsupported jdk.unsupported.desktop jdk.xml.dom" 

Environment Variables:
PATH=C:\app\maldo\product\21c\dbhomeXE\bin;C:\Program Files\Common Files\Oracle\Java\javapath;C:\WINDOWS\system32;C:\WINDOWS;C:\WINDOWS\System32\Wbem;C:\WINDOWS\System32\WindowsPowerShell\v1.0\;C:\WINDOWS\System32\OpenSSH\;C:\Program Files\Git\cmd;C:\Program Files\PuTTY\;C:\Program Files\apache-maven-3.9.9\bin;;C:\Program Files\Docker\Docker\resources\bin;C:\Program Files\nodejs\;C:\Users\maldo\AppData\Local\Programs\Python\Launcher\;C:\Users\maldo\AppData\Local\Microsoft\WindowsApps;C:\Users\maldo\AppData\Local\Programs\Microsoft VS Code\bin;C:\Program Files\Java\jdk-17\bin;C:\Program Files\JetBrains\IntelliJ IDEA Community Edition 2025.1\bin;;C:\Users\maldo\AppData\Roaming\npm;C:\Users\maldo\AppData\Local\Muse Hub\lib;C:\Users\maldo\AppData\Local\Programs\Windsurf\bin;C:\app\maldo\product\21c\dbhomeXE\bin;
USERNAME=maldo
OS=Windows_NT
PROCESSOR_IDENTIFIER=AMD64 Family 23 Model 104 Stepping 1, AuthenticAMD
TMP=C:\Users\maldo\AppData\Local\Temp
TEMP=C:\Users\maldo\AppData\Local\Temp




Periodic native trim disabled

---------------  S Y S T E M  ---------------

OS:
 Windows 11 , 64 bit Build 26100 (10.0.26100.8328)
OS uptime: 4 days 18:26 hours
Hyper-V role detected

CPU: total 8 (initial active 8) (8 cores per cpu, 2 threads per core) family 23 model 104 stepping 1 microcode 0x8608103, cx8, cmov, fxsr, ht, mmx, 3dnowpref, sse, sse2, sse3, ssse3, sse4a, sse4.1, sse4.2, popcnt, lzcnt, tsc, tscinvbit, avx, avx2, aes, clmul, bmi1, bmi2, adx, sha, fma, vzeroupper, clflush, clflushopt, hv, rdtscp, rdpid, f16c
Processor Information for processor 0
  Max Mhz: 2600, Current Mhz: 2600, Mhz Limit: 2600
Processor Information for processor 1
  Max Mhz: 2600, Current Mhz: 2600, Mhz Limit: 2600
Processor Information for processor 2
  Max Mhz: 2600, Current Mhz: 2080, Mhz Limit: 2600
Processor Information for processor 3
  Max Mhz: 2600, Current Mhz: 2080, Mhz Limit: 2600
Processor Information for processor 4
  Max Mhz: 2600, Current Mhz: 2600, Mhz Limit: 2600
Processor Information for processor 5
  Max Mhz: 2600, Current Mhz: 2600, Mhz Limit: 2600
Processor Information for processor 6
  Max Mhz: 2600, Current Mhz: 2600, Mhz Limit: 2600
Processor Information for processor 7
  Max Mhz: 2600, Current Mhz: 2600, Mhz Limit: 2600

Memory: 4k page, system-wide physical 6005M (810M free)
TotalPageFile size 24437M (AvailPageFile size 10M)
current process WorkingSet (physical memory assigned to process): 12M, peak: 1403M
current process commit charge ("private bytes"): 958M, peak: 1720M

vm_info: OpenJDK 64-Bit Server VM (21.0.10+7-LTS) for windows-amd64 JRE (21.0.10+7-LTS), built on 2026-01-20T00:00:00Z by "admin" with MS VC++ 17.12 (VS2022)

END.
